# Test title

@ home:home.md
@ about:about.md
#@ SubSitle
@@ method1:method1.md
@@ method1:method1.md
