# Test heading
@ home:home.md

@ about:about.md
@@ method1:method1.md
@@ method1:method1.md
